Archive member included to satisfy reference by file (symbol)

c:/program files/microchip/xc8/v2.36/avr/bin/../lib/gcc/avr/5.4.0/../../../../avr/lib/avr5/memx-const\libm.a(addsf3.o)
                              main.o (__subsf3)
c:/program files/microchip/xc8/v2.36/avr/bin/../lib/gcc/avr/5.4.0/../../../../avr/lib/avr5/memx-const\libm.a(addsf3x.o)
                              c:/program files/microchip/xc8/v2.36/avr/bin/../lib/gcc/avr/5.4.0/../../../../avr/lib/avr5/memx-const\libm.a(addsf3.o) (__addsf3x)
c:/program files/microchip/xc8/v2.36/avr/bin/../lib/gcc/avr/5.4.0/../../../../avr/lib/avr5/memx-const\libm.a(divsf3.o)
                              src/bme280.o (__divsf3)
c:/program files/microchip/xc8/v2.36/avr/bin/../lib/gcc/avr/5.4.0/../../../../avr/lib/avr5/memx-const\libm.a(divsf3x.o)
                              c:/program files/microchip/xc8/v2.36/avr/bin/../lib/gcc/avr/5.4.0/../../../../avr/lib/avr5/memx-const\libm.a(divsf3.o) (__divsf3x)
c:/program files/microchip/xc8/v2.36/avr/bin/../lib/gcc/avr/5.4.0/../../../../avr/lib/avr5/memx-const\libm.a(fixsfsi.o)
                              main.o (__fixsfsi)
c:/program files/microchip/xc8/v2.36/avr/bin/../lib/gcc/avr/5.4.0/../../../../avr/lib/avr5/memx-const\libm.a(fixunssfsi.o)
                              main.o (__fixunssfsi)
c:/program files/microchip/xc8/v2.36/avr/bin/../lib/gcc/avr/5.4.0/../../../../avr/lib/avr5/memx-const\libm.a(floatsisf.o)
                              main.o (__floatsisf)
c:/program files/microchip/xc8/v2.36/avr/bin/../lib/gcc/avr/5.4.0/../../../../avr/lib/avr5/memx-const\libm.a(fp_inf.o)
                              c:/program files/microchip/xc8/v2.36/avr/bin/../lib/gcc/avr/5.4.0/../../../../avr/lib/avr5/memx-const\libm.a(addsf3x.o) (__fp_inf)
c:/program files/microchip/xc8/v2.36/avr/bin/../lib/gcc/avr/5.4.0/../../../../avr/lib/avr5/memx-const\libm.a(fp_nan.o)
                              c:/program files/microchip/xc8/v2.36/avr/bin/../lib/gcc/avr/5.4.0/../../../../avr/lib/avr5/memx-const\libm.a(addsf3x.o) (__fp_nan)
c:/program files/microchip/xc8/v2.36/avr/bin/../lib/gcc/avr/5.4.0/../../../../avr/lib/avr5/memx-const\libm.a(fp_pscA.o)
                              c:/program files/microchip/xc8/v2.36/avr/bin/../lib/gcc/avr/5.4.0/../../../../avr/lib/avr5/memx-const\libm.a(addsf3x.o) (__fp_pscA)
c:/program files/microchip/xc8/v2.36/avr/bin/../lib/gcc/avr/5.4.0/../../../../avr/lib/avr5/memx-const\libm.a(fp_pscB.o)
                              c:/program files/microchip/xc8/v2.36/avr/bin/../lib/gcc/avr/5.4.0/../../../../avr/lib/avr5/memx-const\libm.a(addsf3x.o) (__fp_pscB)
c:/program files/microchip/xc8/v2.36/avr/bin/../lib/gcc/avr/5.4.0/../../../../avr/lib/avr5/memx-const\libm.a(fp_round.o)
                              c:/program files/microchip/xc8/v2.36/avr/bin/../lib/gcc/avr/5.4.0/../../../../avr/lib/avr5/memx-const\libm.a(addsf3.o) (__fp_round)
c:/program files/microchip/xc8/v2.36/avr/bin/../lib/gcc/avr/5.4.0/../../../../avr/lib/avr5/memx-const\libm.a(fp_split3.o)
                              c:/program files/microchip/xc8/v2.36/avr/bin/../lib/gcc/avr/5.4.0/../../../../avr/lib/avr5/memx-const\libm.a(addsf3x.o) (__fp_split3)
c:/program files/microchip/xc8/v2.36/avr/bin/../lib/gcc/avr/5.4.0/../../../../avr/lib/avr5/memx-const\libm.a(fp_zero.o)
                              c:/program files/microchip/xc8/v2.36/avr/bin/../lib/gcc/avr/5.4.0/../../../../avr/lib/avr5/memx-const\libm.a(addsf3x.o) (__fp_zero)
c:/program files/microchip/xc8/v2.36/avr/bin/../lib/gcc/avr/5.4.0/../../../../avr/lib/avr5/memx-const\libm.a(gesf2.o)
                              main.o (__gesf2)
c:/program files/microchip/xc8/v2.36/avr/bin/../lib/gcc/avr/5.4.0/../../../../avr/lib/avr5/memx-const\libm.a(mulsf3.o)
                              main.o (__mulsf3)
c:/program files/microchip/xc8/v2.36/avr/bin/../lib/gcc/avr/5.4.0/../../../../avr/lib/avr5/memx-const\libm.a(mulsf3x.o)
                              c:/program files/microchip/xc8/v2.36/avr/bin/../lib/gcc/avr/5.4.0/../../../../avr/lib/avr5/memx-const\libm.a(mulsf3.o) (__mulsf3x)
c:/program files/microchip/xc8/v2.36/avr/bin/../lib/gcc/avr/5.4.0/../../../../avr/lib/avr5/memx-const\libm.a(fp_cmp.o)
                              c:/program files/microchip/xc8/v2.36/avr/bin/../lib/gcc/avr/5.4.0/../../../../avr/lib/avr5/memx-const\libm.a(gesf2.o) (__fp_cmp)
c:/program files/microchip/xc8/v2.36/avr/bin/../lib/gcc/avr/5.4.0/avr5/memx-const\libgcc.a(_mulsi3.o)
                              src/bme280.o (__mulsi3)
c:/program files/microchip/xc8/v2.36/avr/bin/../lib/gcc/avr/5.4.0/avr5/memx-const\libgcc.a(_divmodsi4.o)
                              main.o (__divmodsi4)
c:/program files/microchip/xc8/v2.36/avr/bin/../lib/gcc/avr/5.4.0/avr5/memx-const\libgcc.a(_negsi2.o)
                              c:/program files/microchip/xc8/v2.36/avr/bin/../lib/gcc/avr/5.4.0/avr5/memx-const\libgcc.a(_divmodsi4.o) (__negsi2)
[...]
Memory Configuration

Name             Origin             Length             Attributes
text             0x0000000000000000 0x0000000000008000 xr
data             0x0000000000800100 0x0000000000000800 rw !x
eeprom           0x0000000000810000 0x0000000000000400 rw !x
fuse             0x0000000000820000 0x0000000000000003 rw !x
lock             0x0000000000830000 0x0000000000000400 rw !x
signature        0x0000000000840000 0x0000000000000400 rw !x
user_signatures  0x0000000000850000 0x0000000000000400 rw !x
*default*        0x0000000000000000 0xffffffffffffffff

Linker script and memory map

Address of section .data set to 0x800100
LOAD C:/Program Files (x86)/Atmel/Studio/7.0/Packs/Atmel/ATmega_DFP/2.1.506/xc8/avr/lib/avr5/memx-const/crtatmega328pb.o
LOAD main.o
LOAD src/adc.o
LOAD src/bme280.o
LOAD src/i2c.o
LOAD src/uart.o
START GROUP
LOAD c:/program files/microchip/xc8/v2.36/avr/bin/../lib/gcc/avr/5.4.0/../../../../avr/lib/avr5/memx-const\libm.a
END GROUP
START GROUP
LOAD c:/program files/microchip/xc8/v2.36/avr/bin/../lib/gcc/avr/5.4.0/avr5/memx-const\libgcc.a
LOAD c:/program files/microchip/xc8/v2.36/avr/bin/../lib/gcc/avr/5.4.0/../../../../avr/lib/avr5/memx-const\libm.a
LOAD c:/program files/microchip/xc8/v2.36/avr/bin/../lib/gcc/avr/5.4.0/../../../../avr/lib/avr5/memx-const\libc.a
LOAD C:/Program Files (x86)/Atmel/Studio/7.0/Packs/Atmel/ATmega_DFP/2.1.506/xc8/avr/lib/avr5/memx-const\libatmega328pb.a
END GROUP
                [0x0000000000000000]                __TEXT_REGION_ORIGIN__ = DEFINED (__TEXT_REGION_ORIGIN__)?__TEXT_REGION_ORIGIN__:0x0
                [0x0000000000800100]                __DATA_REGION_ORIGIN__ = DEFINED (__DATA_REGION_ORIGIN__)?__DATA_REGION_ORIGIN__:0x800060
                [0x0000000000008000]                __TEXT_REGION_LENGTH__ = DEFINED (__TEXT_REGION_LENGTH__)?__TEXT_REGION_LENGTH__:0x20000
                [0x0000000000000800]                __DATA_REGION_LENGTH__ = DEFINED (__DATA_REGION_LENGTH__)?__DATA_REGION_LENGTH__:0xffa0
                [0x0000000000000400]                __EEPROM_REGION_LENGTH__ = DEFINED (__EEPROM_REGION_LENGTH__)?__EEPROM_REGION_LENGTH__:0x10000
                [0x0000000000000003]                __FUSE_REGION_LENGTH__ = DEFINED (__FUSE_REGION_LENGTH__)?__FUSE_REGION_LENGTH__:0x400
                0x0000000000000400                __LOCK_REGION_LENGTH__ = DEFINED (__LOCK_REGION_LENGTH__)?__LOCK_REGION_LENGTH__:0x400
                0x0000000000000400                __SIGNATURE_REGION_LENGTH__ = DEFINED (__SIGNATURE_REGION_LENGTH__)?__SIGNATURE_REGION_LENGTH__:0x400
                0x0000000000000400                __USER_SIGNATURE_REGION_LENGTH__ = DEFINED (__USER_SIGNATURE_REGION_LENGTH__)?__USER_SIGNATURE_REGION_LENGTH__:0x400

.hash
 *(.hash)

.dynsym
 *(.dynsym)

.dynstr
 *(.dynstr)

.gnu.version
 *(.gnu.version)

.gnu.version_d
 *(.gnu.version_d)

.gnu.version_r
 *(.gnu.version_r)

.rel.init
 *(.rel.init)

.rela.init
 *(.rela.init)

.rel.text
 *(.rel.text)
 *(.rel.text.*)
 *(.rel.gnu.linkonce.t*)

.rela.text
 *(.rela.text)
 *(.rela.text.*)
 *(.rela.gnu.linkonce.t*)

.rel.fini
 *(.rel.fini)

.rela.fini
 *(.rela.fini)

.rel.rodata
 *(.rel.rodata)
 *(.rel.rodata.*)
 *(.rel.gnu.linkonce.r*)

.rela.rodata
 *(.rela.rodata)
 *(.rela.rodata.*)
 *(.rela.gnu.linkonce.r*)

.rel.data
 *(.rel.data)
 *(.rel.data.*)
 *(.rel.gnu.linkonce.d*)

.rela.data
 *(.rela.data)
 *(.rela.data.*)
 *(.rela.gnu.linkonce.d*)

.rel.ctors
 *(.rel.ctors)

.rela.ctors
 *(.rela.ctors)

.rel.dtors
 *(.rel.dtors)

.rela.dtors
 *(.rela.dtors)

.rel.got
 *(.rel.got)

.rela.got
 *(.rela.got)

.rel.bss
 *(.rel.bss)

.rela.bss
 *(.rela.bss)

.rel.plt
 *(.rel.plt)

.rela.plt
 *(.rela.plt)

.text           0x0000000000000000      0x10e
 *(.vectors)
 .vectors       0x0000000000000000       0xb4 C:/Program Files (x86)/Atmel/Studio/7.0/Packs/Atmel/ATmega_DFP/2.1.506/xc8/avr/lib/avr5/memx-const/crtatmega328pb.o
                0x0000000000000000                __vector_default
                0x0000000000000000                __vectors
 *(.vectors)
 *(.progmem.gcc*)
 *(.dinit)
 .dinit         0x00000000000000b4        0x5 data_init
                0x00000000000000ba                . = ALIGN (0x2)
 *fill*         0x00000000000000b9        0x1 
                0x00000000000000ba                __trampolines_start = .
 *(.trampolines)
 .trampolines   0x00000000000000ba        0x0 linker stubs
 *(.trampolines*)
                0x00000000000000ba                __trampolines_end = .
 *libprintf_flt.a:*(.progmem.data)
 *libc.a:*(.progmem.data)
                0x00000000000000ba                . = ALIGN (0x2)
 *(.jumptables)
 *(.jumptables*)
 *(.lowtext)
 *(.lowtext*)
                0x00000000000000ba                __ctors_start = .
 *(.ctors)
                0x00000000000000ba                __ctors_end = .
                0x00000000000000ba                __dtors_start = .
 *(.dtors)
                0x00000000000000ba                __dtors_end = .
 SORT(*)(.ctors)
 SORT(*)(.dtors)
 *(.init0)
 .init0         0x00000000000000ba        0x0 C:/Program Files (x86)/Atmel/Studio/7.0/Packs/Atmel/ATmega_DFP/2.1.506/xc8/avr/lib/avr5/memx-const/crtatmega328pb.o
                0x00000000000000ba                __init
 *(.init0)
 *(.init1)
 *(.init1)
 *(.init2)
 .init2         0x00000000000000ba        0xc C:/Program Files (x86)/Atmel/Studio/7.0/Packs/Atmel/ATmega_DFP/2.1.506/xc8/avr/lib/avr5/memx-const/crtatmega328pb.o
 *(.init2)
 *(.init3)
 *(.init3)
 *(.init4)
 .init4         0x00000000000000c6       0x3c c:/program files/microchip/xc8/v2.36/avr/bin/../lib/gcc/avr/5.4.0/avr5/memx-const\libgcc.a(_copy_data.o)
                0x00000000000000c6                __do_copy_data
                0x00000000000000f4                __do_clear_bss
 *(.init4)
 *(.init5)
 *(.init5)
 *(.init6)
 *(.init6)
 *(.init7)
 *(.init7)
 *(.init8)
 *(.init8)
 *(.init9)
 .init9         0x0000000000000102        0x8 C:/Program Files (x86)/Atmel/Studio/7.0/Packs/Atmel/ATmega_DFP/2.1.506/xc8/avr/lib/avr5/memx-const/crtatmega328pb.o
 *(.init9)
                0x000000000000010a                . = ALIGN (0x2)
 *(.fini9)
 .fini9         0x000000000000010a        0x0 c:/program files/microchip/xc8/v2.36/avr/bin/../lib/gcc/avr/5.4.0/avr5/memx-const\libgcc.a(_exit.o)
                0x000000000000010a                _exit
 *(.fini9)
 *(.fini8)
 *(.fini8)
 *(.fini7)
 *(.fini7)
 *(.fini6)
 *(.fini6)
 *(.fini5)
 *(.fini5)
 *(.fini4)
 *(.fini4)
 *(.fini3)
 *(.fini3)
 *(.fini2)
 *(.fini2)
 *(.fini1)
 *(.fini1)
 *(.fini0)
 .fini0         0x000000000000010a        0x4 c:/program files/microchip/xc8/v2.36/avr/bin/../lib/gcc/avr/5.4.0/avr5/memx-const\libgcc.a(_exit.o)
 *(.fini0)
                0x000000000000010e                _etext = .

.data           0x0000000000800100        0x0 load address 0x000000000000010e
                [!provide]                        PROVIDE (__data_start, .)
 *(.gnu.linkonce.d*)
 *(.gnu.linkonce.r*)
                0x0000000000800100                . = ALIGN (0x2)
                0x0000000000800100                _edata = .
                [!provide]                        PROVIDE (__data_end, .)

.bss            0x0000000000800100       0x34
                [!provide]                        PROVIDE (__bss_start, .)
 *(COMMON)
 COMMON         0x0000000000800100       0x32 main.o
                0x0000000000800100                dig_P7
                0x0000000000800102                dig_T1
                0x0000000000800104                dig_H4
                0x0000000000800106                dig_T2
                0x0000000000800108                dig_H1
                0x0000000000800109                dig_P2
                0x000000000080010b                dig_P4
                0x000000000080010d                dig_H6
                0x000000000080010f                dig_P5
                0x0000000000800111                bytes_SF
                0x000000000080011d                dig_P1
                0x000000000080011f                dig_P3
                0x0000000000800121                dig_P8
                0x0000000000800123                dig_H5
                0x0000000000800125                dig_H3
                0x0000000000800126                dig_P9
                0x0000000000800128                dig_T3
                0x000000000080012a                dig_P6
                0x000000000080012c                dig_H2
                0x000000000080012e                t_fine
 COMMON         0x0000000000800132        0x2 c:/program files/microchip/xc8/v2.36/avr/bin/../lib/gcc/avr/5.4.0/../../../../avr/lib/avr5/memx-const\libc.a(errno.o)
                0x0000000000800132                __errno_val
                [!provide]                        PROVIDE (__bss_end, .)
                0x000000000000010e                __data_load_start = LOADADDR (.data)
                0x000000000000010e                __data_load_end = (__data_load_start + SIZEOF (.data))

.noinit         0x0000000000800134        0x0
                [!provide]                        PROVIDE (__noinit_start, .)
 *(.noinit*)
                [!provide]                        PROVIDE (__noinit_end, .)
                0x0000000000800134                _end = .

.eeprom         0x0000000000810000        0x0
 *(.eeprom*)
                0x0000000000810000                __eeprom_end = .

.fuse
 *(.fuse)
 *(.lfuse)
 *(.hfuse)
 *(.efuse)

.lock
 *(.lock*)

.signature
 *(.signature*)

.user_signatures
 *(.user_signatures*)

.stab
 *(.stab)

.stabstr
 *(.stabstr)

.stab.excl
 *(.stab.excl)

.stab.exclstr
 *(.stab.exclstr)

.stab.index
 *(.stab.index)

.stab.indexstr
 *(.stab.indexstr)

.comment        0x0000000000000000       0x2f
 *(.comment)
 .comment       0x0000000000000000       0x2f main.o
                                         0x30 (size before relaxing)
 .comment       0x000000000000002f       0x30 src/bme280.o
 .comment       0x000000000000002f       0x30 src/i2c.o
 .comment       0x000000000000002f       0x30 src/uart.o
 .comment       0x000000000000002f       0x30 c:/program files/microchip/xc8/v2.36/avr/bin/../lib/gcc/avr/5.4.0/../../../../avr/lib/avr5/memx-const\libc.a(exit.o)
 .comment       0x000000000000002f       0x30 c:/program files/microchip/xc8/v2.36/avr/bin/../lib/gcc/avr/5.4.0/../../../../avr/lib/avr5/memx-const\libc.a(__sio_snprintf_doux.o)
 .comment       0x000000000000002f       0x30 c:/program files/microchip/xc8/v2.36/avr/bin/../lib/gcc/avr/5.4.0/../../../../avr/lib/avr5/memx-const\libc.a(__int_vsnprintf.o)
 .comment       0x000000000000002f       0x30 c:/program files/microchip/xc8/v2.36/avr/bin/../lib/gcc/avr/5.4.0/../../../../avr/lib/avr5/memx-const\libc.a(__fmt_s.o)
 .comment       0x000000000000002f       0x30 c:/program files/microchip/xc8/v2.36/avr/bin/../lib/gcc/avr/5.4.0/../../../../avr/lib/avr5/memx-const\libc.a(__printf_core.o)
 .comment       0x000000000000002f       0x30 c:/program files/microchip/xc8/v2.36/avr/bin/../lib/gcc/avr/5.4.0/../../../../avr/lib/avr5/memx-const\libc.a(fputc.o)
 .comment       0x000000000000002f       0x30 c:/program files/microchip/xc8/v2.36/avr/bin/../lib/gcc/avr/5.4.0/../../../../avr/lib/avr5/memx-const\libc.a(__fmt_d.o)
 .comment       0x000000000000002f       0x30 c:/program files/microchip/xc8/v2.36/avr/bin/../lib/gcc/avr/5.4.0/../../../../avr/lib/avr5/memx-const\libc.a(__fmt_o.o)
 .comment       0x000000000000002f       0x30 c:/program files/microchip/xc8/v2.36/avr/bin/../lib/gcc/avr/5.4.0/../../../../avr/lib/avr5/memx-const\libc.a(__fmt_u.o)
 .comment       0x000000000000002f       0x30 c:/program files/microchip/xc8/v2.36/avr/bin/../lib/gcc/avr/5.4.0/../../../../avr/lib/avr5/memx-const\libc.a(__fmt_x.o)
 .comment       0x000000000000002f       0x30 c:/program files/microchip/xc8/v2.36/avr/bin/../lib/gcc/avr/5.4.0/../../../../avr/lib/avr5/memx-const\libc.a(__pop_float.o)
 .comment       0x000000000000002f       0x30 c:/program files/microchip/xc8/v2.36/avr/bin/../lib/gcc/avr/5.4.0/../../../../avr/lib/avr5/memx-const\libc.a(__pop_int.o)
 .comment       0x000000000000002f       0x30 c:/program files/microchip/xc8/v2.36/avr/bin/../lib/gcc/avr/5.4.0/../../../../avr/lib/avr5/memx-const\libc.a(__pop_ptr.o)
 .comment       0x000000000000002f       0x30 c:/program files/microchip/xc8/v2.36/avr/bin/../lib/gcc/avr/5.4.0/../../../../avr/lib/avr5/memx-const\libc.a(atoi.o)
 .comment       0x000000000000002f       0x30 c:/program files/microchip/xc8/v2.36/avr/bin/../lib/gcc/avr/5.4.0/../../../../avr/lib/avr5/memx-const\libc.a(memcpy.o)
 .comment       0x000000000000002f       0x30 c:/program files/microchip/xc8/v2.36/avr/bin/../lib/gcc/avr/5.4.0/../../../../avr/lib/avr5/memx-const\libc.a(memset.o)
 .comment       0x000000000000002f       0x30 c:/program files/microchip/xc8/v2.36/avr/bin/../lib/gcc/avr/5.4.0/../../../../avr/lib/avr5/memx-const\libc.a(strlen.o)
 .comment       0x000000000000002f       0x30 c:/program files/microchip/xc8/v2.36/avr/bin/../lib/gcc/avr/5.4.0/../../../../avr/lib/avr5/memx-const\libc.a(tolower.o)
 .comment       0x000000000000002f       0x30 c:/program files/microchip/xc8/v2.36/avr/bin/../lib/gcc/avr/5.4.0/../../../../avr/lib/avr5/memx-const\libc.a(toupper.o)
 .comment       0x000000000000002f       0x30 c:/program files/microchip/xc8/v2.36/avr/bin/../lib/gcc/avr/5.4.0/../../../../avr/lib/avr5/memx-const\libc.a(errno.o)
 .comment       0x000000000000002f       0x30 c:/program files/microchip/xc8/v2.36/avr/bin/../lib/gcc/avr/5.4.0/../../../../avr/lib/avr5/memx-const\libc.a(_Exit.o)
 .comment       0x000000000000002f       0x30 c:/program files/microchip/xc8/v2.36/avr/bin/../lib/gcc/avr/5.4.0/../../../../avr/lib/avr5/memx-const\libc.a(__int_vfprintf.o)

.stack.descriptors.hdr
                0x0000000000000000      0x214
 .stack.descriptors.hdr
                0x0000000000000000        0xe c:/program files/microchip/xc8/v2.36/avr/bin/../lib/gcc/avr/5.4.0/../../../../avr/lib/avr5/memx-const\libm.a(addsf3.o)
 .stack.descriptors.hdr
                0x000000000000000e        0xe c:/program files/microchip/xc8/v2.36/avr/bin/../lib/gcc/avr/5.4.0/../../../../avr/lib/avr5/memx-const\libm.a(addsf3x.o)
 .stack.descriptors.hdr
                0x000000000000001c        0xe c:/program files/microchip/xc8/v2.36/avr/bin/../lib/gcc/avr/5.4.0/../../../../avr/lib/avr5/memx-const\libm.a(divsf3.o)
 .stack.descriptors.hdr
                0x000000000000002a        0xe c:/program files/microchip/xc8/v2.36/avr/bin/../lib/gcc/avr/5.4.0/../../../../avr/lib/avr5/memx-const\libm.a(divsf3x.o)
 .stack.descriptors.hdr
                0x0000000000000038        0xe c:/program files/microchip/xc8/v2.36/avr/bin/../lib/gcc/avr/5.4.0/../../../../avr/lib/avr5/memx-const\libm.a(fixsfsi.o)
 .stack.descriptors.hdr
                0x0000000000000046        0xe c:/program files/microchip/xc8/v2.36/avr/bin/../lib/gcc/avr/5.4.0/../../../../avr/lib/avr5/memx-const\libm.a(fixunssfsi.o)
 .stack.descriptors.hdr
                0x0000000000000054        0xe c:/program files/microchip/xc8/v2.36/avr/bin/../lib/gcc/avr/5.4.0/../../../../avr/lib/avr5/memx-const\libm.a(floatsisf.o)
 .stack.descriptors.hdr
                0x0000000000000062        0xe c:/program files/microchip/xc8/v2.36/avr/bin/../lib/gcc/avr/5.4.0/../../../../avr/lib/avr5/memx-const\libm.a(fp_inf.o)
 .stack.descriptors.hdr
                0x0000000000000070        0xe c:/program files/microchip/xc8/v2.36/avr/bin/../lib/gcc/avr/5.4.0/../../../../avr/lib/avr5/memx-const\libm.a(fp_nan.o)
 .stack.descriptors.hdr
                0x000000000000007e        0xe c:/program files/microchip/xc8/v2.36/avr/bin/../lib/gcc/avr/5.4.0/../../../../avr/lib/avr5/memx-const\libm.a(fp_pscA.o)
 .stack.descriptors.hdr
                0x000000000000008c        0xe c:/program files/microchip/xc8/v2.36/avr/bin/../lib/gcc/avr/5.4.0/../../../../avr/lib/avr5/memx-const\libm.a(fp_pscB.o)
 .stack.descriptors.hdr
                0x000000000000009a        0xe c:/program files/microchip/xc8/v2.36/avr/bin/../lib/gcc/avr/5.4.0/../../../../avr/lib/avr5/memx-const\libm.a(fp_round.o)
 .stack.descriptors.hdr
                0x00000000000000a8        0xe c:/program files/microchip/xc8/v2.36/avr/bin/../lib/gcc/avr/5.4.0/../../../../avr/lib/avr5/memx-const\libm.a(fp_split3.o)
 .stack.descriptors.hdr
                0x00000000000000b6        0xe c:/program files/microchip/xc8/v2.36/avr/bin/../lib/gcc/avr/5.4.0/../../../../avr/lib/avr5/memx-const\libm.a(fp_zero.o)
 .stack.descriptors.hdr
                0x00000000000000c4        0xe c:/program files/microchip/xc8/v2.36/avr/bin/../lib/gcc/avr/5.4.0/../../../../avr/lib/avr5/memx-const\libm.a(gesf2.o)
 .stack.descriptors.hdr
                0x00000000000000d2        0xe c:/program files/microchip/xc8/v2.36/avr/bin/../lib/gcc/avr/5.4.0/../../../../avr/lib/avr5/memx-const\libm.a(mulsf3.o)
 .stack.descriptors.hdr
                0x00000000000000e0        0xe c:/program files/microchip/xc8/v2.36/avr/bin/../lib/gcc/avr/5.4.0/../../../../avr/lib/avr5/memx-const\libm.a(mulsf3x.o)
 .stack.descriptors.hdr
                0x00000000000000ee        0xe c:/program files/microchip/xc8/v2.36/avr/bin/../lib/gcc/avr/5.4.0/../../../../avr/lib/avr5/memx-const\libm.a(fp_cmp.o)
 .stack.descriptors.hdr
                0x00000000000000fc        0xe c:/program files/microchip/xc8/v2.36/avr/bin/../lib/gcc/avr/5.4.0/avr5/memx-const\libgcc.a(_mulsi3.o)
 .stack.descriptors.hdr
                0x000000000000010a        0xe c:/program files/microchip/xc8/v2.36/avr/bin/../lib/gcc/avr/5.4.0/avr5/memx-const\libgcc.a(_divmodsi4.o)
 .stack.descriptors.hdr
                0x0000000000000118        0xe c:/program files/microchip/xc8/v2.36/avr/bin/../lib/gcc/avr/5.4.0/avr5/memx-const\libgcc.a(_negsi2.o)
 .stack.descriptors.hdr
                0x0000000000000126        0xe c:/program files/microchip/xc8/v2.36/avr/bin/../lib/gcc/avr/5.4.0/avr5/memx-const\libgcc.a(_muluhisi3.o)
 .stack.descriptors.hdr
                0x0000000000000134        0xe c:/program files/microchip/xc8/v2.36/avr/bin/../lib/gcc/avr/5.4.0/avr5/memx-const\libgcc.a(_mulshisi3.o)
 .stack.descriptors.hdr
                0x0000000000000142        0xe c:/program files/microchip/xc8/v2.36/avr/bin/../lib/gcc/avr/5.4.0/avr5/memx-const\libgcc.a(_muldi3.o)
 .stack.descriptors.hdr
                0x0000000000000150        0xe c:/program files/microchip/xc8/v2.36/avr/bin/../lib/gcc/avr/5.4.0/avr5/memx-const\libgcc.a(_muldi3_6.o)
 .stack.descriptors.hdr
                0x000000000000015e        0xe c:/program files/microchip/xc8/v2.36/avr/bin/../lib/gcc/avr/5.4.0/avr5/memx-const\libgcc.a(_divdi3.o)
 .stack.descriptors.hdr
                0x000000000000016c        0xe c:/program files/microchip/xc8/v2.36/avr/bin/../lib/gcc/avr/5.4.0/avr5/memx-const\libgcc.a(_udivdi3.o)
 .stack.descriptors.hdr
                0x000000000000017a        0xe c:/program files/microchip/xc8/v2.36/avr/bin/../lib/gcc/avr/5.4.0/avr5/memx-const\libgcc.a(_udivmod64.o)
 .stack.descriptors.hdr
                0x0000000000000188        0xe c:/program files/microchip/xc8/v2.36/avr/bin/../lib/gcc/avr/5.4.0/avr5/memx-const\libgcc.a(_negdi2.o)
 .stack.descriptors.hdr
                0x0000000000000196        0xe c:/program files/microchip/xc8/v2.36/avr/bin/../lib/gcc/avr/5.4.0/avr5/memx-const\libgcc.a(_ashldi3.o)
 .stack.descriptors.hdr
                0x00000000000001a4        0xe c:/program files/microchip/xc8/v2.36/avr/bin/../lib/gcc/avr/5.4.0/avr5/memx-const\libgcc.a(_ashrdi3.o)
 .stack.descriptors.hdr
                0x00000000000001b2        0xe c:/program files/microchip/xc8/v2.36/avr/bin/../lib/gcc/avr/5.4.0/avr5/memx-const\libgcc.a(_adddi3.o)
 .stack.descriptors.hdr
                0x00000000000001c0        0xe c:/program files/microchip/xc8/v2.36/avr/bin/../lib/gcc/avr/5.4.0/avr5/memx-const\libgcc.a(_subdi3.o)
 .stack.descriptors.hdr
                0x00000000000001ce        0xe c:/program files/microchip/xc8/v2.36/avr/bin/../lib/gcc/avr/5.4.0/avr5/memx-const\libgcc.a(_cmpdi2_s8.o)
 .stack.descriptors.hdr
                0x00000000000001dc        0xe c:/program files/microchip/xc8/v2.36/avr/bin/../lib/gcc/avr/5.4.0/avr5/memx-const\libgcc.a(_udivmodsi4.o)
 .stack.descriptors.hdr
                0x00000000000001ea        0xe c:/program files/microchip/xc8/v2.36/avr/bin/../lib/gcc/avr/5.4.0/avr5/memx-const\libgcc.a(_umulhisi3.o)
 .stack.descriptors.hdr
                0x00000000000001f8        0xe c:/program files/microchip/xc8/v2.36/avr/bin/../lib/gcc/avr/5.4.0/avr5/memx-const\libgcc.a(_exit.o)
 .stack.descriptors.hdr
                0x0000000000000206        0xe c:/program files/microchip/xc8/v2.36/avr/bin/../lib/gcc/avr/5.4.0/avr5/memx-const\libgcc.a(_movmemx.o)

.note.GNU-stack
                0x0000000000000000        0x0
 .note.GNU-stack
                0x0000000000000000        0x0 c:/program files/microchip/xc8/v2.36/avr/bin/../lib/gcc/avr/5.4.0/../../../../avr/lib/avr5/memx-const\libm.a(addsf3.o)
 .note.GNU-stack
                0x0000000000000000        0x0 c:/program files/microchip/xc8/v2.36/avr/bin/../lib/gcc/avr/5.4.0/../../../../avr/lib/avr5/memx-const\libm.a(addsf3x.o)
 .note.GNU-stack
                0x0000000000000000        0x0 c:/program files/microchip/xc8/v2.36/avr/bin/../lib/gcc/avr/5.4.0/../../../../avr/lib/avr5/memx-const\libm.a(divsf3.o)
 .note.GNU-stack
                0x0000000000000000        0x0 c:/program files/microchip/xc8/v2.36/avr/bin/../lib/gcc/avr/5.4.0/../../../../avr/lib/avr5/memx-const\libm.a(divsf3x.o)
 .note.GNU-stack
                0x0000000000000000        0x0 c:/program files/microchip/xc8/v2.36/avr/bin/../lib/gcc/avr/5.4.0/../../../../avr/lib/avr5/memx-const\libm.a(fixsfsi.o)
 .note.GNU-stack
                0x0000000000000000        0x0 c:/program files/microchip/xc8/v2.36/avr/bin/../lib/gcc/avr/5.4.0/../../../../avr/lib/avr5/memx-const\libm.a(fixunssfsi.o)
 .note.GNU-stack
                0x0000000000000000        0x0 c:/program files/microchip/xc8/v2.36/avr/bin/../lib/gcc/avr/5.4.0/../../../../avr/lib/avr5/memx-const\libm.a(floatsisf.o)
 .note.GNU-stack
                0x0000000000000000        0x0 c:/program files/microchip/xc8/v2.36/avr/bin/../lib/gcc/avr/5.4.0/../../../../avr/lib/avr5/memx-const\libm.a(fp_inf.o)
 .note.GNU-stack
                0x0000000000000000        0x0 c:/program files/microchip/xc8/v2.36/avr/bin/../lib/gcc/avr/5.4.0/../../../../avr/lib/avr5/memx-const\libm.a(fp_nan.o)
 .note.GNU-stack
                0x0000000000000000        0x0 c:/program files/microchip/xc8/v2.36/avr/bin/../lib/gcc/avr/5.4.0/../../../../avr/lib/avr5/memx-const\libm.a(fp_pscA.o)
 .note.GNU-stack
                0x0000000000000000        0x0 c:/program files/microchip/xc8/v2.36/avr/bin/../lib/gcc/avr/5.4.0/../../../../avr/lib/avr5/memx-const\libm.a(fp_pscB.o)
 .note.GNU-stack
                0x0000000000000000        0x0 c:/program files/microchip/xc8/v2.36/avr/bin/../lib/gcc/avr/5.4.0/../../../../avr/lib/avr5/memx-const\libm.a(fp_round.o)
 .note.GNU-stack
                0x0000000000000000        0x0 c:/program files/microchip/xc8/v2.36/avr/bin/../lib/gcc/avr/5.4.0/../../../../avr/lib/avr5/memx-const\libm.a(fp_split3.o)
 .note.GNU-stack
                0x0000000000000000        0x0 c:/program files/microchip/xc8/v2.36/avr/bin/../lib/gcc/avr/5.4.0/../../../../avr/lib/avr5/memx-const\libm.a(fp_zero.o)
 .note.GNU-stack
                0x0000000000000000        0x0 c:/program files/microchip/xc8/v2.36/avr/bin/../lib/gcc/avr/5.4.0/../../../../avr/lib/avr5/memx-const\libm.a(gesf2.o)
 .note.GNU-stack
                0x0000000000000000        0x0 c:/program files/microchip/xc8/v2.36/avr/bin/../lib/gcc/avr/5.4.0/../../../../avr/lib/avr5/memx-const\libm.a(mulsf3.o)
 .note.GNU-stack
                0x0000000000000000        0x0 c:/program files/microchip/xc8/v2.36/avr/bin/../lib/gcc/avr/5.4.0/../../../../avr/lib/avr5/memx-const\libm.a(mulsf3x.o)
 .note.GNU-stack
                0x0000000000000000        0x0 c:/program files/microchip/xc8/v2.36/avr/bin/../lib/gcc/avr/5.4.0/../../../../avr/lib/avr5/memx-const\libm.a(fp_cmp.o)
 .note.GNU-stack
                0x0000000000000000        0x0 c:/program files/microchip/xc8/v2.36/avr/bin/../lib/gcc/avr/5.4.0/../../../../avr/lib/avr5/memx-const\libc.a(exit.o)
 .note.GNU-stack
                0x0000000000000000        0x0 c:/program files/microchip/xc8/v2.36/avr/bin/../lib/gcc/avr/5.4.0/../../../../avr/lib/avr5/memx-const\libc.a(__sio_snprintf_doux.o)
 .note.GNU-stack
                0x0000000000000000        0x0 c:/program files/microchip/xc8/v2.36/avr/bin/../lib/gcc/avr/5.4.0/../../../../avr/lib/avr5/memx-const\libc.a(__int_vsnprintf.o)
 .note.GNU-stack
                0x0000000000000000        0x0 c:/program files/microchip/xc8/v2.36/avr/bin/../lib/gcc/avr/5.4.0/../../../../avr/lib/avr5/memx-const\libc.a(__fmt_s.o)
 .note.GNU-stack
                0x0000000000000000        0x0 c:/program files/microchip/xc8/v2.36/avr/bin/../lib/gcc/avr/5.4.0/../../../../avr/lib/avr5/memx-const\libc.a(__printf_core.o)
 .note.GNU-stack
                0x0000000000000000        0x0 c:/program files/microchip/xc8/v2.36/avr/bin/../lib/gcc/avr/5.4.0/../../../../avr/lib/avr5/memx-const\libc.a(fputc.o)
 .note.GNU-stack
                0x0000000000000000        0x0 c:/program files/microchip/xc8/v2.36/avr/bin/../lib/gcc/avr/5.4.0/../../../../avr/lib/avr5/memx-const\libc.a(__fmt_d.o)
 .note.GNU-stack
                0x0000000000000000        0x0 c:/program files/microchip/xc8/v2.36/avr/bin/../lib/gcc/avr/5.4.0/../../../../avr/lib/avr5/memx-const\libc.a(__fmt_o.o)
 .note.GNU-stack
                0x0000000000000000        0x0 c:/program files/microchip/xc8/v2.36/avr/bin/../lib/gcc/avr/5.4.0/../../../../avr/lib/avr5/memx-const\libc.a(__fmt_u.o)
 .note.GNU-stack
                0x0000000000000000        0x0 c:/program files/microchip/xc8/v2.36/avr/bin/../lib/gcc/avr/5.4.0/../../../../avr/lib/avr5/memx-const\libc.a(__fmt_x.o)
 .note.GNU-stack
                0x0000000000000000        0x0 c:/program files/microchip/xc8/v2.36/avr/bin/../lib/gcc/avr/5.4.0/../../../../avr/lib/avr5/memx-const\libc.a(__pop_float.o)
 .note.GNU-stack
                0x0000000000000000        0x0 c:/program files/microchip/xc8/v2.36/avr/bin/../lib/gcc/avr/5.4.0/../../../../avr/lib/avr5/memx-const\libc.a(__pop_int.o)
 .note.GNU-stack
                0x0000000000000000        0x0 c:/program files/microchip/xc8/v2.36/avr/bin/../lib/gcc/avr/5.4.0/../../../../avr/lib/avr5/memx-const\libc.a(__pop_ptr.o)
 .note.GNU-stack
                0x0000000000000000        0x0 c:/program files/microchip/xc8/v2.36/avr/bin/../lib/gcc/avr/5.4.0/../../../../avr/lib/avr5/memx-const\libc.a(atoi.o)
 .note.GNU-stack
                0x0000000000000000        0x0 c:/program files/microchip/xc8/v2.36/avr/bin/../lib/gcc/avr/5.4.0/../../../../avr/lib/avr5/memx-const\libc.a(memcpy.o)
 .note.GNU-stack
                0x0000000000000000        0x0 c:/program files/microchip/xc8/v2.36/avr/bin/../lib/gcc/avr/5.4.0/../../../../avr/lib/avr5/memx-const\libc.a(memset.o)
 .note.GNU-stack
                0x0000000000000000        0x0 c:/program files/microchip/xc8/v2.36/avr/bin/../lib/gcc/avr/5.4.0/../../../../avr/lib/avr5/memx-const\libc.a(strlen.o)
 .note.GNU-stack
                0x0000000000000000        0x0 c:/program files/microchip/xc8/v2.36/avr/bin/../lib/gcc/avr/5.4.0/../../../../avr/lib/avr5/memx-const\libc.a(tolower.o)
 .note.GNU-stack
                0x0000000000000000        0x0 c:/program files/microchip/xc8/v2.36/avr/bin/../lib/gcc/avr/5.4.0/../../../../avr/lib/avr5/memx-const\libc.a(toupper.o)
 .note.GNU-stack
                0x0000000000000000        0x0 c:/program files/microchip/xc8/v2.36/avr/bin/../lib/gcc/avr/5.4.0/../../../../avr/lib/avr5/memx-const\libc.a(errno.o)
 .note.GNU-stack
                0x0000000000000000        0x0 c:/program files/microchip/xc8/v2.36/avr/bin/../lib/gcc/avr/5.4.0/../../../../avr/lib/avr5/memx-const\libc.a(_Exit.o)
 .note.GNU-stack
                0x0000000000000000        0x0 c:/program files/microchip/xc8/v2.36/avr/bin/../lib/gcc/avr/5.4.0/../../../../avr/lib/avr5/memx-const\libc.a(__int_vfprintf.o)

.note.gnu.build-id
 *(.note.gnu.build-id)

.debug
 *(.debug)

.line
 *(.line)

.debug_srcinfo
 *(.debug_srcinfo)

.debug_sfnames
 *(.debug_sfnames)

.debug_aranges  0x0000000000000000       0xf8
 *(.debug_aranges)
 .debug_aranges
                0x0000000000000000       0x38 main.o
 .debug_aranges
                0x0000000000000038       0x48 src/bme280.o
 .debug_aranges
                0x0000000000000080       0x48 src/i2c.o
 .debug_aranges
                0x00000000000000c8       0x30 src/uart.o

.debug_pubnames
 *(.debug_pubnames)

.debug_info     0x0000000000000000     0x2240
 *(.debug_info .gnu.linkonce.wi.*)
 .debug_info    0x0000000000000000      0x8ea C:/Program Files (x86)/Atmel/Studio/7.0/Packs/Atmel/ATmega_DFP/2.1.506/xc8/avr/lib/avr5/memx-const/crtatmega328pb.o
 .debug_info    0x00000000000008ea      0x8d5 main.o
 .debug_info    0x00000000000011bf      0xa70 src/bme280.o
 .debug_info    0x0000000000001c2f      0x310 src/i2c.o
 .debug_info    0x0000000000001f3f      0x301 src/uart.o

.debug_abbrev   0x0000000000000000      0xc8f
 *(.debug_abbrev)
 .debug_abbrev  0x0000000000000000      0x86e C:/Program Files (x86)/Atmel/Studio/7.0/Packs/Atmel/ATmega_DFP/2.1.506/xc8/avr/lib/avr5/memx-const/crtatmega328pb.o
 .debug_abbrev  0x000000000000086e      0x21c main.o
 .debug_abbrev  0x0000000000000a8a       0xe3 src/bme280.o
 .debug_abbrev  0x0000000000000b6d       0x85 src/i2c.o
 .debug_abbrev  0x0000000000000bf2       0x9d src/uart.o

.debug_line     0x0000000000000000      0xa47
 *(.debug_line .debug_line.* .debug_line_end)
 .debug_line    0x0000000000000000      0x1a9 C:/Program Files (x86)/Atmel/Studio/7.0/Packs/Atmel/ATmega_DFP/2.1.506/xc8/avr/lib/avr5/memx-const/crtatmega328pb.o
 .debug_line    0x00000000000001a9      0x2a9 main.o
 .debug_line    0x0000000000000452      0x3c8 src/bme280.o
 .debug_line    0x000000000000081a      0x14c src/i2c.o
 .debug_line    0x0000000000000966       0xe1 src/uart.o

.debug_frame    0x0000000000000000      0x2c4
 *(.debug_frame)
 .debug_frame   0x0000000000000000       0x94 main.o
 .debug_frame   0x0000000000000094      0x168 src/bme280.o
 .debug_frame   0x00000000000001fc       0x74 src/i2c.o
 .debug_frame   0x0000000000000270       0x54 src/uart.o

.debug_str      0x0000000000000000      0x3c5
 *(.debug_str)
 .debug_str     0x0000000000000000      0x318 C:/Program Files (x86)/Atmel/Studio/7.0/Packs/Atmel/ATmega_DFP/2.1.506/xc8/avr/lib/avr5/memx-const/crtatmega328pb.o
 .debug_str     0x0000000000000318       0x77 main.o
 .debug_str     0x000000000000038f       0x36 src/bme280.o
 .debug_str     0x00000000000003c5        0x0 src/i2c.o
 .debug_str     0x00000000000003c5        0x0 src/uart.o

.debug_loc      0x0000000000000000     0x1145
 *(.debug_loc)
 .debug_loc     0x0000000000000000      0x231 main.o
 .debug_loc     0x0000000000000231      0xe57 src/bme280.o
 .debug_loc     0x0000000000001088       0x2d src/i2c.o
 .debug_loc     0x00000000000010b5       0x90 src/uart.o

.debug_macinfo
 *(.debug_macinfo)

.debug_weaknames
 *(.debug_weaknames)

.debug_funcnames
 *(.debug_funcnames)

.debug_typenames
 *(.debug_typenames)

.debug_varnames
 *(.debug_varnames)

.debug_pubtypes
 *(.debug_pubtypes)

.debug_ranges   0x0000000000000000       0xb8
 *(.debug_ranges)
 .debug_ranges  0x0000000000000000       0x28 main.o
 .debug_ranges  0x0000000000000028       0x38 src/bme280.o
 .debug_ranges  0x0000000000000060       0x38 src/i2c.o
 .debug_ranges  0x0000000000000098       0x20 src/uart.o

.debug_macro
 *(.debug_macro)
OUTPUT(SuperCapacitor.elf elf32-avr)
LOAD linker stubs
LOAD data_init

.note.gnu.avr.deviceinfo
                0x0000000000000000       0x40
 .note.gnu.avr.deviceinfo
                0x0000000000000000       0x40 C:/Program Files (x86)/Atmel/Studio/7.0/Packs/Atmel/ATmega_DFP/2.1.506/xc8/avr/lib/avr5/memx-const/crtatmega328pb.o

.bss.presion_atmosferica
                0x0000000000800134        0x2
 .bss.presion_atmosferica
                0x0000000000800134        0x2 main.o
                0x0000000000800134                presion_atmosferica

.bss.temp_signo
                0x0000000000800136        0x1
 .bss.temp_signo
                0x0000000000800136        0x1 main.o
                0x0000000000800136                temp_signo

.bss.temp_mantisa
                0x0000000000800137        0x1
 .bss.temp_mantisa
                0x0000000000800137        0x1 main.o
                0x0000000000800137                temp_mantisa

.bss.temp_entera
                0x0000000000800138        0x1
 .bss.temp_entera
                0x0000000000800138        0x1 main.o
                0x0000000000800138                temp_entera

.progmemx.data  0x000000000000010e       0x25
 .progmemx.data
                0x000000000000010e       0x25 main.o

.progmemx.data.state_table
                0x0000000000000133       0x16
 .progmemx.data.state_table
                0x0000000000000133       0x16 c:/program files/microchip/xc8/v2.36/avr/bin/../lib/gcc/avr/5.4.0/../../../../avr/lib/avr5/memx-const\libc.a(__printf_core.o)

.progmemx.data  0x0000000000000149        0x7
 .progmemx.data
                0x0000000000000149        0x7 c:/program files/microchip/xc8/v2.36/avr/bin/../lib/gcc/avr/5.4.0/../../../../avr/lib/avr5/memx-const\libc.a(__fmt_s.o)

.progmemx.data  0x0000000000000150        0x6
 .progmemx.data
                0x0000000000000150        0x6 c:/program files/microchip/xc8/v2.36/avr/bin/../lib/gcc/avr/5.4.0/../../../../avr/lib/avr5/memx-const\libc.a(__printf_core.o)

.text.__printf_core
                0x0000000000000156      0x822
 .text.__printf_core
                0x0000000000000156      0x822 c:/program files/microchip/xc8/v2.36/avr/bin/../lib/gcc/avr/5.4.0/../../../../avr/lib/avr5/memx-const\libc.a(__printf_core.o)
                0x0000000000000156                __printf_core

.text.BME280_readPressure
                0x0000000000000978      0x53a
 .text.BME280_readPressure
                0x0000000000000978      0x53a src/bme280.o
                0x0000000000000978                BME280_readPressure

.text.main      0x0000000000000eb2      0x2a6
 .text.main     0x0000000000000eb2      0x2a6 main.o
                0x0000000000000eb2                main

.text.__fmt_x   0x0000000000001158      0x280
 .text.__fmt_x  0x0000000000001158      0x280 c:/program files/microchip/xc8/v2.36/avr/bin/../lib/gcc/avr/5.4.0/../../../../avr/lib/avr5/memx-const\libc.a(__fmt_x.o)
                0x0000000000001158                __fmt_x_needed
                0x0000000000001158                __fmt_x

.text.BME280_readHumidity
                0x00000000000013d8      0x23e
 .text.BME280_readHumidity
                0x00000000000013d8      0x23e src/bme280.o
                0x00000000000013d8                BME280_readHumidity

.text.BME280_readCalibrationData
                0x0000000000001616      0x21a
 .text.BME280_readCalibrationData
                0x0000000000001616      0x21a src/bme280.o
                0x0000000000001616                BME280_readCalibrationData

.text.BME280_readTemperature
                0x0000000000001830      0x1bc
 .text.BME280_readTemperature
                0x0000000000001830      0x1bc src/bme280.o
                0x0000000000001830                BME280_readTemperature

.text.__fmt_d   0x00000000000019ec      0x17e
 .text.__fmt_d  0x00000000000019ec      0x17e c:/program files/microchip/xc8/v2.36/avr/bin/../lib/gcc/avr/5.4.0/../../../../avr/lib/avr5/memx-const\libc.a(__fmt_d.o)
                0x00000000000019ec                __fmt_d
                0x00000000000019ec                __fmt_d_needed

.text.__pop_int
                0x0000000000001b6a      0x172
 .text.__pop_int
                0x0000000000001b6a      0x172 c:/program files/microchip/xc8/v2.36/avr/bin/../lib/gcc/avr/5.4.0/../../../../avr/lib/avr5/memx-const\libc.a(__pop_int.o)
                0x0000000000001b6a                __pop_int_needed
                0x0000000000001b6a                __pop_int

.text.__cvt_u   0x0000000000001cdc      0x14a
 .text.__cvt_u  0x0000000000001cdc      0x14a c:/program files/microchip/xc8/v2.36/avr/bin/../lib/gcc/avr/5.4.0/../../../../avr/lib/avr5/memx-const\libc.a(__fmt_u.o)
                0x0000000000001cdc                __cvt_u

.text.__pad     0x0000000000001e26      0x10e
 .text.__pad    0x0000000000001e26      0x10e c:/program files/microchip/xc8/v2.36/avr/bin/../lib/gcc/avr/5.4.0/../../../../avr/lib/avr5/memx-const\libc.a(__printf_core.o)
                0x0000000000001e26                __pad

.text           0x0000000000001f34       0xde
 .text          0x0000000000001f34       0xde c:/program files/microchip/xc8/v2.36/avr/bin/../lib/gcc/avr/5.4.0/../../../../avr/lib/avr5/memx-const\libm.a(divsf3x.o)
                0x0000000000001f34                __divsf3x
                0x0000000000001f5c                __divsf3_pse

.text.__pop_ptr
                0x0000000000002012       0xd8
 .text.__pop_ptr
                0x0000000000002012       0xd8 c:/program files/microchip/xc8/v2.36/avr/bin/../lib/gcc/avr/5.4.0/../../../../avr/lib/avr5/memx-const\libc.a(__pop_ptr.o)
                0x0000000000002012                __pop_ptr
                0x0000000000002012                __pop_ptr_needed

.text           0x00000000000020ea       0xd4
 .text          0x00000000000020ea       0xd4 c:/program files/microchip/xc8/v2.36/avr/bin/../lib/gcc/avr/5.4.0/../../../../avr/lib/avr5/memx-const\libm.a(mulsf3x.o)
                0x00000000000020ea                __mulsf3x
                0x0000000000002110                __mulsf3_pse

.text.__fmt_o   0x00000000000021be       0xd4
 .text.__fmt_o  0x00000000000021be       0xd4 c:/program files/microchip/xc8/v2.36/avr/bin/../lib/gcc/avr/5.4.0/../../../../avr/lib/avr5/memx-const\libc.a(__fmt_o.o)
                0x00000000000021be                __fmt_o
                0x00000000000021be                __fmt_o_needed

.text           0x0000000000002292       0xce
 .text          0x0000000000002292       0xce c:/program files/microchip/xc8/v2.36/avr/bin/../lib/gcc/avr/5.4.0/../../../../avr/lib/avr5/memx-const\libm.a(addsf3x.o)
                0x0000000000002292                __addsf3x

.text.__fmt_s   0x0000000000002360       0xca
 .text.__fmt_s  0x0000000000002360       0xca c:/program files/microchip/xc8/v2.36/avr/bin/../lib/gcc/avr/5.4.0/../../../../avr/lib/avr5/memx-const\libc.a(__fmt_s.o)
                0x0000000000002360                __fmt_s
                0x0000000000002360                __fmt_0_needed
                0x0000000000002360                __fmt_s_needed

.text.__fmt_u   0x000000000000242a       0xb0
 .text.__fmt_u  0x000000000000242a       0xb0 c:/program files/microchip/xc8/v2.36/avr/bin/../lib/gcc/avr/5.4.0/../../../../avr/lib/avr5/memx-const\libc.a(__fmt_u.o)
                0x000000000000242a                __fmt_u_needed
                0x000000000000242a                __fmt_u

.text.__vsnprintf
                0x00000000000024da       0xa4
 .text.__vsnprintf
                0x00000000000024da       0xa4 c:/program files/microchip/xc8/v2.36/avr/bin/../lib/gcc/avr/5.4.0/../../../../avr/lib/avr5/memx-const\libc.a(__int_vsnprintf.o)
                0x00000000000024da                __vsnprintf

.text.libgcc.div
                0x000000000000257e       0xa2
 .text.libgcc.div
                0x000000000000257e       0xa2 c:/program files/microchip/xc8/v2.36/avr/bin/../lib/gcc/avr/5.4.0/avr5/memx-const\libgcc.a(_udivmod64.o)
                0x000000000000257e                __udivmod64

.text.libgcc.mul
                0x0000000000002620       0xa0
 .text.libgcc.mul
                0x0000000000002620       0xa0 c:/program files/microchip/xc8/v2.36/avr/bin/../lib/gcc/avr/5.4.0/avr5/memx-const\libgcc.a(_muldi3.o)
                0x0000000000002620                __muldi3

.text.__fmt_state
                0x00000000000026c0       0x9e
 .text.__fmt_state
                0x00000000000026c0       0x9e c:/program files/microchip/xc8/v2.36/avr/bin/../lib/gcc/avr/5.4.0/../../../../avr/lib/avr5/memx-const\libc.a(__printf_core.o)
                0x00000000000026c0                __fmt_state

.text.fputc     0x000000000000275e       0x92
 .text.fputc    0x000000000000275e       0x92 c:/program files/microchip/xc8/v2.36/avr/bin/../lib/gcc/avr/5.4.0/../../../../avr/lib/avr5/memx-const\libc.a(fputc.o)
                0x000000000000275e                fputc
                0x000000000000275e                putc

.text.atoi      0x00000000000027f0       0x90
 .text.atoi     0x00000000000027f0       0x90 c:/program files/microchip/xc8/v2.36/avr/bin/../lib/gcc/avr/5.4.0/../../../../avr/lib/avr5/memx-const\libc.a(atoi.o)
                0x00000000000027f0                atoi

.text           0x0000000000002880       0x7a
 .text          0x0000000000002880       0x7a c:/program files/microchip/xc8/v2.36/avr/bin/../lib/gcc/avr/5.4.0/../../../../avr/lib/avr5/memx-const\libm.a(floatsisf.o)
                0x0000000000002880                __floatunsisf
                0x0000000000002884                __floatsisf

.text.__out     0x00000000000028fa       0x68
 .text.__out    0x00000000000028fa       0x68 c:/program files/microchip/xc8/v2.36/avr/bin/../lib/gcc/avr/5.4.0/../../../../avr/lib/avr5/memx-const\libc.a(__printf_core.o)
                0x00000000000028fa                __out

.text.libgcc.div
                0x0000000000002962       0x62
 .text.libgcc.div
                0x0000000000002962       0x62 c:/program files/microchip/xc8/v2.36/avr/bin/../lib/gcc/avr/5.4.0/avr5/memx-const\libgcc.a(_divdi3.o)
                0x0000000000002962                __moddi3
                0x0000000000002966                __divdi3
                0x0000000000002968                __divdi3_moddi3

.text           0x00000000000029c4       0x5e
 .text          0x00000000000029c4       0x5e c:/program files/microchip/xc8/v2.36/avr/bin/../lib/gcc/avr/5.4.0/../../../../avr/lib/avr5/memx-const\libm.a(fixunssfsi.o)
                0x00000000000029c4                __fixunssfsi

.text.tomar_medidas
                0x0000000000002a22       0x48
 .text.tomar_medidas
                0x0000000000002a22       0x48 main.o
                0x0000000000002a22                tomar_medidas

.text           0x0000000000002a6a       0x48
 .text          0x0000000000002a6a       0x48 c:/program files/microchip/xc8/v2.36/avr/bin/../lib/gcc/avr/5.4.0/../../../../avr/lib/avr5/memx-const\libm.a(fp_cmp.o)
                0x0000000000002a6a                __fp_cmp

.text           0x0000000000002ab2       0x44
 .text          0x0000000000002ab2       0x44 c:/program files/microchip/xc8/v2.36/avr/bin/../lib/gcc/avr/5.4.0/../../../../avr/lib/avr5/memx-const\libm.a(fp_split3.o)
                0x0000000000002ab2                __fp_split3
                0x0000000000002ac2                __fp_splitA

.text.libgcc.div
                0x0000000000002af6       0x44
 .text.libgcc.div
                0x0000000000002af6       0x44 c:/program files/microchip/xc8/v2.36/avr/bin/../lib/gcc/avr/5.4.0/avr5/memx-const\libgcc.a(_udivmodsi4.o)
                0x0000000000002af6                __udivmodsi4

.text.__pop_float
                0x0000000000002b3a       0x40
 .text.__pop_float
                0x0000000000002b3a       0x40 c:/program files/microchip/xc8/v2.36/avr/bin/../lib/gcc/avr/5.4.0/../../../../avr/lib/avr5/memx-const\libc.a(__pop_float.o)
                0x0000000000002b3a                __pop_float_needed
                0x0000000000002b3a                __pop_float

.text.libgcc.builtins
                0x0000000000002b7a       0x3c
 .text.libgcc.builtins
                0x0000000000002b7a       0x3c c:/program files/microchip/xc8/v2.36/avr/bin/../lib/gcc/avr/5.4.0/avr5/memx-const\libgcc.a(_ashrdi3.o)
                0x0000000000002b7a                __ashrdi3
                0x0000000000002b7e                __lshrdi3

.text.libgcc.prologue
                0x0000000000002bb6       0x38
 .text.libgcc.prologue
                0x0000000000002bb6       0x38 c:/program files/microchip/xc8/v2.36/avr/bin/../lib/gcc/avr/5.4.0/avr5/memx-const\libgcc.a(_prologue.o)
                0x0000000000002bb6                __prologue_saves__

.text.libgcc.prologue
                0x0000000000002bee       0x36
 .text.libgcc.prologue
                0x0000000000002bee       0x36 c:/program files/microchip/xc8/v2.36/avr/bin/../lib/gcc/avr/5.4.0/avr5/memx-const\libgcc.a(_epilogue.o)
                0x0000000000002bee                __epilogue_restores__

.text.libgcc.builtins
                0x0000000000002c24       0x32
 .text.libgcc.builtins
                0x0000000000002c24       0x32 c:/program files/microchip/xc8/v2.36/avr/bin/../lib/gcc/avr/5.4.0/avr5/memx-const\libgcc.a(_ashldi3.o)
                0x0000000000002c24                __ashldi3

.text.memcpy    0x0000000000002c56       0x32
 .text.memcpy   0x0000000000002c56       0x32 c:/program files/microchip/xc8/v2.36/avr/bin/../lib/gcc/avr/5.4.0/../../../../avr/lib/avr5/memx-const\libc.a(memcpy.o)
                0x0000000000002c56                memcpy

.text.__vfprintf
                0x0000000000002c88       0x30
 .text.__vfprintf
                0x0000000000002c88       0x30 c:/program files/microchip/xc8/v2.36/avr/bin/../lib/gcc/avr/5.4.0/../../../../avr/lib/avr5/memx-const\libc.a(__int_vfprintf.o)
                0x0000000000002c88                __vfprintf

.text.libgcc.div
                0x0000000000002cb8       0x2e
 .text.libgcc.div
                0x0000000000002cb8       0x2e c:/program files/microchip/xc8/v2.36/avr/bin/../lib/gcc/avr/5.4.0/avr5/memx-const\libgcc.a(_divmodsi4.o)
                0x0000000000002cb8                __divmodsi4

.text.__vector_23
                0x0000000000002ce6       0x2c
 .text.__vector_23
                0x0000000000002ce6       0x2c main.o
                0x0000000000002ce6                __vector_23

.text.UART_sendString
                0x0000000000002d12       0x2c
 .text.UART_sendString
                0x0000000000002d12       0x2c src/uart.o
                0x0000000000002d12                UART_sendString

.text.strlen    0x0000000000002d3e       0x2c
 .text.strlen   0x0000000000002d3e       0x2c c:/program files/microchip/xc8/v2.36/avr/bin/../lib/gcc/avr/5.4.0/../../../../avr/lib/avr5/memx-const\libc.a(strlen.o)
                0x0000000000002d3e                strlen

.text.comparadorA_init
                0x0000000000002d6a       0x2a
 .text.comparadorA_init
                0x0000000000002d6a       0x2a main.o
                0x0000000000002d6a                comparadorA_init

.text.__wrap_snprintf
                0x0000000000002d94       0x2a
 .text.__wrap_snprintf
                0x0000000000002d94       0x2a c:/program files/microchip/xc8/v2.36/avr/bin/../lib/gcc/avr/5.4.0/../../../../avr/lib/avr5/memx-const\libc.a(__sio_snprintf_doux.o)
                0x0000000000002d94                _snprintf_cdnopuxX

.text.BME280_writeRegister
                0x0000000000002dbe       0x28
 .text.BME280_writeRegister
                0x0000000000002dbe       0x28 src/bme280.o
                0x0000000000002dbe                BME280_writeRegister

.text           0x0000000000002de6       0x22
 .text          0x0000000000002de6       0x22 c:/program files/microchip/xc8/v2.36/avr/bin/../lib/gcc/avr/5.4.0/../../../../avr/lib/avr5/memx-const\libm.a(fp_round.o)
                0x0000000000002de6                __fp_round

.text.libgcc.mul
                0x0000000000002e08       0x20
 .text.libgcc.mul
                0x0000000000002e08       0x20 c:/program files/microchip/xc8/v2.36/avr/bin/../lib/gcc/avr/5.4.0/avr5/memx-const\libgcc.a(_mulsi3.o)
                0x0000000000002e08                __mulsi3

.text.libgcc    0x0000000000002e28       0x20
 .text.libgcc   0x0000000000002e28       0x20 c:/program files/microchip/xc8/v2.36/avr/bin/../lib/gcc/avr/5.4.0/avr5/memx-const\libgcc.a(_negdi2.o)
                0x0000000000002e28                __negdi2

.text.BME280_init
                0x0000000000002e48       0x1e
 .text.BME280_init
                0x0000000000002e48       0x1e src/bme280.o
                0x0000000000002e48                BME280_init

.text.libgcc.mul
                0x0000000000002e66       0x1e
 .text.libgcc.mul
                0x0000000000002e66       0x1e c:/program files/microchip/xc8/v2.36/avr/bin/../lib/gcc/avr/5.4.0/avr5/memx-const\libgcc.a(_umulhisi3.o)
                0x0000000000002e66                __umulhisi3

.text.libgcc.div
                0x0000000000002e84       0x1c
 .text.libgcc.div
                0x0000000000002e84       0x1c c:/program files/microchip/xc8/v2.36/avr/bin/../lib/gcc/avr/5.4.0/avr5/memx-const\libgcc.a(_udivdi3.o)
                0x0000000000002e84                __umoddi3
                0x0000000000002e88                __udivdi3
                0x0000000000002e8a                __udivdi3_umoddi3

.text.libgcc    0x0000000000002ea0       0x1a
 .text.libgcc   0x0000000000002ea0       0x1a c:/program files/microchip/xc8/v2.36/avr/bin/../lib/gcc/avr/5.4.0/avr5/memx-const\libgcc.a(_movmemx.o)
                0x0000000000002ea0                __movmemx_qi
                0x0000000000002ea2                __movmemx_hi

.text.libgcc    0x0000000000002eba       0x18
 .text.libgcc   0x0000000000002eba       0x18 c:/program files/microchip/xc8/v2.36/avr/bin/../lib/gcc/avr/5.4.0/avr5/memx-const\libgcc.a(_cmpdi2_s8.o)
                0x0000000000002eba                __cmpdi2_s8

.text.UART_init
                0x0000000000002ed2       0x16
 .text.UART_init
                0x0000000000002ed2       0x16 src/uart.o
                0x0000000000002ed2                UART_init

.text.libgcc.mul
                0x0000000000002ee8       0x16
 .text.libgcc.mul
                0x0000000000002ee8       0x16 c:/program files/microchip/xc8/v2.36/avr/bin/../lib/gcc/avr/5.4.0/avr5/memx-const\libgcc.a(_muluhisi3.o)
                0x0000000000002ee8                __muluhisi3

.text.exit      0x0000000000002efe       0x16
 .text.exit     0x0000000000002efe       0x16 c:/program files/microchip/xc8/v2.36/avr/bin/../lib/gcc/avr/5.4.0/../../../../avr/lib/avr5/memx-const\libc.a(exit.o)
                0x0000000000002efe                exit

.text.I2C_write
                0x0000000000002f14       0x14
 .text.I2C_write
                0x0000000000002f14       0x14 src/i2c.o
                0x0000000000002f14                I2C_write

.text.I2C_readAck
                0x0000000000002f28       0x14
 .text.I2C_readAck
                0x0000000000002f28       0x14 src/i2c.o
                0x0000000000002f28                I2C_readAck

.text.I2C_readNack
                0x0000000000002f3c       0x14
 .text.I2C_readNack
                0x0000000000002f3c       0x14 src/i2c.o
                0x0000000000002f3c                I2C_readNack

.text.I2C_init  0x0000000000002f50       0x12
 .text.I2C_init
                0x0000000000002f50       0x12 src/i2c.o
                0x0000000000002f50                I2C_init

.text.libgcc.mul
                0x0000000000002f62       0x12
 .text.libgcc.mul
                0x0000000000002f62       0x12 c:/program files/microchip/xc8/v2.36/avr/bin/../lib/gcc/avr/5.4.0/avr5/memx-const\libgcc.a(_muldi3_6.o)
                0x0000000000002f62                __muldi3_6

.text.libgcc    0x0000000000002f74       0x12
 .text.libgcc   0x0000000000002f74       0x12 c:/program files/microchip/xc8/v2.36/avr/bin/../lib/gcc/avr/5.4.0/avr5/memx-const\libgcc.a(_adddi3.o)
                0x0000000000002f74                __adddi3

.text.libgcc    0x0000000000002f86       0x12
 .text.libgcc   0x0000000000002f86       0x12 c:/program files/microchip/xc8/v2.36/avr/bin/../lib/gcc/avr/5.4.0/avr5/memx-const\libgcc.a(_subdi3.o)
                0x0000000000002f86                __subdi3

.text.memset    0x0000000000002f98       0x12
 .text.memset   0x0000000000002f98       0x12 c:/program files/microchip/xc8/v2.36/avr/bin/../lib/gcc/avr/5.4.0/../../../../avr/lib/avr5/memx-const\libc.a(memset.o)
                0x0000000000002f98                memset

.text.toupper   0x0000000000002faa       0x12
 .text.toupper  0x0000000000002faa       0x12 c:/program files/microchip/xc8/v2.36/avr/bin/../lib/gcc/avr/5.4.0/../../../../avr/lib/avr5/memx-const\libc.a(toupper.o)
                0x0000000000002faa                toupper

.text.I2C_start
                0x0000000000002fbc       0x10
 .text.I2C_start
                0x0000000000002fbc       0x10 src/i2c.o
                0x0000000000002fbc                I2C_start

.text.libgcc.div
                0x0000000000002fcc       0x10
 .text.libgcc.div
                0x0000000000002fcc       0x10 c:/program files/microchip/xc8/v2.36/avr/bin/../lib/gcc/avr/5.4.0/avr5/memx-const\libgcc.a(_negsi2.o)
                0x0000000000002fcc                __negsi2

.text.libgcc.mul
                0x0000000000002fdc       0x10
 .text.libgcc.mul
                0x0000000000002fdc       0x10 c:/program files/microchip/xc8/v2.36/avr/bin/../lib/gcc/avr/5.4.0/avr5/memx-const\libgcc.a(_mulshisi3.o)
                0x0000000000002fdc                __mulshisi3
                0x0000000000002fe2                __mulohisi3

.text.tolower   0x0000000000002fec       0x10
 .text.tolower  0x0000000000002fec       0x10 c:/program files/microchip/xc8/v2.36/avr/bin/../lib/gcc/avr/5.4.0/../../../../avr/lib/avr5/memx-const\libc.a(tolower.o)
                0x0000000000002fec                tolower

.text.UART_send
                0x0000000000002ffc        0xe
 .text.UART_send
                0x0000000000002ffc        0xe src/uart.o
                0x0000000000002ffc                UART_send

.text           0x000000000000300a        0xe
 .text          0x000000000000300a        0xe c:/program files/microchip/xc8/v2.36/avr/bin/../lib/gcc/avr/5.4.0/../../../../avr/lib/avr5/memx-const\libm.a(addsf3.o)
                0x000000000000300a                __subsf3
                0x000000000000300c                __addsf3

.text           0x0000000000003018        0xe
 .text          0x0000000000003018        0xe c:/program files/microchip/xc8/v2.36/avr/bin/../lib/gcc/avr/5.4.0/../../../../avr/lib/avr5/memx-const\libm.a(fixsfsi.o)
                0x0000000000003018                __fixsfsi

.text           0x0000000000003026        0xe
 .text          0x0000000000003026        0xe c:/program files/microchip/xc8/v2.36/avr/bin/../lib/gcc/avr/5.4.0/../../../../avr/lib/avr5/memx-const\libm.a(fp_pscA.o)
                0x0000000000003026                __fp_pscA

.text           0x0000000000003034        0xe
 .text          0x0000000000003034        0xe c:/program files/microchip/xc8/v2.36/avr/bin/../lib/gcc/avr/5.4.0/../../../../avr/lib/avr5/memx-const\libm.a(fp_pscB.o)
                0x0000000000003034                __fp_pscB

.text           0x0000000000003042        0xe
 .text          0x0000000000003042        0xe c:/program files/microchip/xc8/v2.36/avr/bin/../lib/gcc/avr/5.4.0/../../../../avr/lib/avr5/memx-const\libm.a(fp_zero.o)
                0x0000000000003042                __fp_zero
                0x0000000000003044                __fp_szero

.text           0x0000000000003050        0xc
 .text          0x0000000000003050        0xc c:/program files/microchip/xc8/v2.36/avr/bin/../lib/gcc/avr/5.4.0/../../../../avr/lib/avr5/memx-const\libm.a(fp_inf.o)
                0x0000000000003050                __fp_inf

.text           0x000000000000305c        0xa
 .text          0x000000000000305c        0xa c:/program files/microchip/xc8/v2.36/avr/bin/../lib/gcc/avr/5.4.0/../../../../avr/lib/avr5/memx-const\libm.a(gesf2.o)
                0x000000000000305c                __gesf2
                0x000000000000305c                __gtsf2

.text.I2C_stop  0x0000000000003066        0x8
 .text.I2C_stop
                0x0000000000003066        0x8 src/i2c.o
                0x0000000000003066                I2C_stop

.text           0x000000000000306e        0x8
 .text          0x000000000000306e        0x8 c:/program files/microchip/xc8/v2.36/avr/bin/../lib/gcc/avr/5.4.0/../../../../avr/lib/avr5/memx-const\libm.a(divsf3.o)
                0x000000000000306e                __divsf3

.text           0x0000000000003076        0x8
 .text          0x0000000000003076        0x8 c:/program files/microchip/xc8/v2.36/avr/bin/../lib/gcc/avr/5.4.0/../../../../avr/lib/avr5/memx-const\libm.a(mulsf3.o)
                0x0000000000003076                __mulsf3

.text           0x000000000000307e        0x6
 .text          0x000000000000307e        0x6 c:/program files/microchip/xc8/v2.36/avr/bin/../lib/gcc/avr/5.4.0/../../../../avr/lib/avr5/memx-const\libm.a(fp_nan.o)
                0x000000000000307e                __fp_nan

.text.__dummy_fmt4
                0x0000000000003084        0x6
 .text.__dummy_fmt4
                0x0000000000003084        0x6 c:/program files/microchip/xc8/v2.36/avr/bin/../lib/gcc/avr/5.4.0/../../../../avr/lib/avr5/memx-const\libc.a(__printf_core.o)
                0x0000000000003084                __fmt_fp
                0x0000000000003084                __fmt_a

.text           0x000000000000308a        0x4
 .text          0x000000000000308a        0x4 C:/Program Files (x86)/Atmel/Studio/7.0/Packs/Atmel/ATmega_DFP/2.1.506/xc8/avr/lib/avr5/memx-const/crtatmega328pb.o
                0x000000000000308a                __vector_38
                0x000000000000308a                __vector_22
                0x000000000000308a                __vector_28
                0x000000000000308a                __vector_1
                0x000000000000308a                __vector_32
                0x000000000000308a                __vector_34
                0x000000000000308a                __vector_24
                0x000000000000308a                __vector_12
                0x000000000000308a                __bad_interrupt
                0x000000000000308a                __vector_6
                0x000000000000308a                __vector_31
                0x000000000000308a                __vector_35
                0x000000000000308a                __vector_39
                0x000000000000308a                __vector_3
                0x000000000000308a                __vector_30
                0x000000000000308a                __vector_25
                0x000000000000308a                __vector_11
                0x000000000000308a                __vector_13
                0x000000000000308a                __vector_17
                0x000000000000308a                __vector_19
                0x000000000000308a                __vector_7
                0x000000000000308a                __vector_41
                0x000000000000308a                __vector_43
                0x000000000000308a                __vector_27
                0x000000000000308a                __vector_5
                0x000000000000308a                __vector_33
                0x000000000000308a                __vector_37
                0x000000000000308a                __vector_4
                0x000000000000308a                __vector_44
                0x000000000000308a                __vector_9
                0x000000000000308a                __vector_2
                0x000000000000308a                __vector_21
                0x000000000000308a                __vector_15
                0x000000000000308a                __vector_36
                0x000000000000308a                __vector_29
                0x000000000000308a                __vector_40
                0x000000000000308a                __vector_8
                0x000000000000308a                __vector_26
                0x000000000000308a                __vector_14
                0x000000000000308a                __vector_10
                0x000000000000308a                __vector_16
                0x000000000000308a                __vector_18
                0x000000000000308a                __vector_20
                0x000000000000308a                __vector_42

.text._Exit     0x000000000000308e        0x4
 .text._Exit    0x000000000000308e        0x4 c:/program files/microchip/xc8/v2.36/avr/bin/../lib/gcc/avr/5.4.0/../../../../avr/lib/avr5/memx-const\libc.a(_Exit.o)
                0x000000000000308e                _Exit

.text.__dummy_fini
                0x0000000000003092        0x2
 .text.__dummy_fini
                0x0000000000003092        0x2 c:/program files/microchip/xc8/v2.36/avr/bin/../lib/gcc/avr/5.4.0/../../../../avr/lib/avr5/memx-const\libc.a(exit.o)
                0x0000000000003092                _fini

.text.__dummy_funcs_on_exit
                0x0000000000003094        0x2
 .text.__dummy_funcs_on_exit
                0x0000000000003094        0x2 c:/program files/microchip/xc8/v2.36/avr/bin/../lib/gcc/avr/5.4.0/../../../../avr/lib/avr5/memx-const\libc.a(exit.o)
                0x0000000000003094                __funcs_on_exit

.text.__dummy_simulator_exit
                0x0000000000003096        0x2
 .text.__dummy_simulator_exit
                0x0000000000003096        0x2 c:/program files/microchip/xc8/v2.36/avr/bin/../lib/gcc/avr/5.4.0/../../../../avr/lib/avr5/memx-const\libc.a(exit.o)
                0x0000000000003096                __simulator_exit
